To honour the JVM settings for this build a single-use Daemon process will be forked. For more on this, please refer to https://docs.gradle.org/8.14.4/userguide/gradle_daemon.html#sec:disabling_the_daemon in the Gradle documentation.
Daemon will be stopped at the end of the build 

> Configure project :shared
w: [33m[1mDefault Kotlin Hierarchy Template Not Applied Correctly[0m[0m
The Default Kotlin Hierarchy Template was not applied to 'project ':shared'':
Explicit .dependsOn() edges were configured for the following source sets:
[androidMain, jvmMain]

Consider removing dependsOn-calls or disabling the default template by adding
    'kotlin.mpp.applyDefaultHierarchyTemplate=false'
to your gradle.properties
[32m[1mSolution:[0m[0m
[32m[3mPlease remove the dependsOn-calls or disable the default template.[0m[0m
[36mLearn more about hierarchy templates: [0m[34mhttps://kotl.in/hierarchy-template[0m[36m[0m


> Task :shared:kmpPartiallyResolvedDependenciesChecker
> Task :shared:checkKotlinGradlePluginConfigurationErrors SKIPPED
> Task :shared:generateCommonMainAppDatabaseInterface UP-TO-DATE
> Task :shared:compileKotlinJvm UP-TO-DATE
> Task :shared:compileJvmMainJava NO-SOURCE
> Task :shared:jvmProcessResources NO-SOURCE
> Task :shared:processJvmMainResources SKIPPED
> Task :shared:jvmMainClasses UP-TO-DATE
> Task :shared:jvmJar UP-TO-DATE
> Task :shared:compileTestKotlinJvm UP-TO-DATE
> Task :shared:compileJvmTestJava NO-SOURCE
> Task :shared:jvmTestProcessResources NO-SOURCE
> Task :shared:processJvmTestResources SKIPPED
> Task :shared:jvmTestClasses UP-TO-DATE
> Task :shared:jvmTest UP-TO-DATE

[Incubating] Problems report is available at: file:///D:/study/KMPDemo/legado-kmp/build/reports/problems/problems-report.html

BUILD SUCCESSFUL in 10s
6 actionable tasks: 1 executed, 5 up-to-date
